[debug] [2026-02-21T04:11:25.908Z] ----------------------------------------------------------------------
[debug] [2026-02-21T04:11:25.911Z] Command:       C:\Program Files\nodejs\node.exe C:\Users\Alberto C\AppData\Roaming\npm\node_modules\firebase-tools\lib\bin\firebase.js init
[debug] [2026-02-21T04:11:25.911Z] CLI Version:   15.7.0
[debug] [2026-02-21T04:11:25.911Z] Platform:      win32
[debug] [2026-02-21T04:11:25.912Z] Node Version:  v22.19.0
[debug] [2026-02-21T04:11:25.912Z] Time:          Fri Feb 20 2026 23:11:25 GMT-0500 (hora estándar de Perú)
[debug] [2026-02-21T04:11:25.912Z] ----------------------------------------------------------------------
[debug] 
[info] 
     ######## #### ########  ######## ########     ###     ######  ########
     ##        ##  ##     ## ##       ##     ##  ##   ##  ##       ##
     ######    ##  ########  ######   ########  #########  ######  ######
     ##        ##  ##    ##  ##       ##     ## ##     ##       ## ##
     ##       #### ##     ## ######## ########  ##     ##  ######  ########

You're about to initialize a Firebase project in this directory:

  D:\CALIDAD\SistemaEVA

[info] 
=== Project Setup
[info] 
[info] First, let's associate this project directory with a Firebase project.
[info] You can create multiple project aliases by running firebase use --add, 
[info] 
[debug] [2026-02-21T04:12:12.448Z] > command requires scopes: ["email","openid","https://www.googleapis.com/auth/cloudplatformprojects.readonly","https://www.googleapis.com/auth/firebase","https://www.googleapis.com/auth/cloud-platform"]
[debug] [2026-02-21T04:12:12.448Z] > authorizing via signed-in user (acondori@colegiosantaanita.edu.pe)
[debug] [2026-02-21T04:12:12.450Z] Checked if tokens are valid: true, expires at: 1771650671107
[debug] [2026-02-21T04:12:12.450Z] Checked if tokens are valid: true, expires at: 1771650671107
[debug] [2026-02-21T04:12:12.451Z] >>> [apiv2][query] GET https://firebase.googleapis.com/v1beta1/projects pageSize=100
[debug] [2026-02-21T04:12:13.436Z] <<< [apiv2][status] GET https://firebase.googleapis.com/v1beta1/projects 200
[debug] [2026-02-21T04:12:13.436Z] <<< [apiv2][body] GET https://firebase.googleapis.com/v1beta1/projects [omitted]
[info] 
=== Hosting Setup
[debug] [2026-02-21T04:12:15.546Z] Checked if tokens are valid: true, expires at: 1771650671107
[debug] [2026-02-21T04:12:15.546Z] Checked if tokens are valid: true, expires at: 1771650671107
[debug] [2026-02-21T04:12:15.547Z] >>> [apiv2][query] GET https://firebase.googleapis.com/v1beta1/projects/eva-estudiantes [none]
[debug] [2026-02-21T04:12:15.990Z] <<< [apiv2][status] GET https://firebase.googleapis.com/v1beta1/projects/eva-estudiantes 200
[debug] [2026-02-21T04:12:15.990Z] <<< [apiv2][body] GET https://firebase.googleapis.com/v1beta1/projects/eva-estudiantes {"projectId":"eva-estudiantes","projectNumber":"692305850400","displayName":"EVA-ESTUDIANTES","name":"projects/eva-estudiantes","resources":{"hostingSite":"eva-estudiantes","realtimeDatabaseInstance":"eva-estudiantes-default-rtdb"},"state":"ACTIVE","etag":"1_7eb124c5-b348-41ed-82fb-daead99c0005"}
[info] 
[info] Your public directory is the folder (relative to your project directory) that
[info] will contain Hosting assets to be uploaded with firebase deploy. If you
[info] have a build process for your assets, use your build's output directory.
[info] 
[info] 
[info] i  Detected a .git folder at D:\CALIDAD\SistemaEVA 
[info] i  Authorizing with GitHub to upload your service account to a GitHub repository's secrets store. 
[info] 
[info] Visit this URL on this device to log in:
[info] https://github.com/login/oauth/authorize?client_id=89cf50f02ac6aaed3484&state=328896799&redirect_uri=http%3A%2F%2Flocalhost%3A9005&scope=read%3Auser%20repo%20public_repo
[info] 
[info] Waiting for authentication...
[debug] [2026-02-21T04:13:23.001Z] >>> [apiv2][query] POST https://github.com/login/oauth/access_token [none]
[debug] [2026-02-21T04:13:23.001Z] >>> [apiv2][body] POST https://github.com/login/oauth/access_token [stream]
[debug] [2026-02-21T04:13:23.769Z] <<< [apiv2][status] POST https://github.com/login/oauth/access_token 200
[debug] [2026-02-21T04:13:23.770Z] <<< [apiv2][body] POST https://github.com/login/oauth/access_token {"access_token":"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","token_type":"bearer","scope":"read:user,repo"}
[debug] [2026-02-21T04:13:23.776Z] >>> [apiv2][query] GET https://api.github.com/user [none]
[debug] [2026-02-21T04:13:24.181Z] <<< [apiv2][status] GET https://api.github.com/user 200
[debug] [2026-02-21T04:13:24.181Z] <<< [apiv2][body] GET https://api.github.com/user {"login":"ALBERRACS-23","id":250416517,"node_id":"U_kgDODu0NhQ","avatar_url":"https://avatars.githubusercontent.com/u/250416517?v=4","gravatar_id":"","url":"https://api.github.com/users/ALBERRACS-23","html_url":"https://github.com/ALBERRACS-23","followers_url":"https://api.github.com/users/ALBERRACS-23/followers","following_url":"https://api.github.com/users/ALBERRACS-23/following{/other_user}","gists_url":"https://api.github.com/users/ALBERRACS-23/gists{/gist_id}","starred_url":"https://api.github.com/users/ALBERRACS-23/starred{/owner}{/repo}","subscriptions_url":"https://api.github.com/users/ALBERRACS-23/subscriptions","organizations_url":"https://api.github.com/users/ALBERRACS-23/orgs","repos_url":"https://api.github.com/users/ALBERRACS-23/repos","events_url":"https://api.github.com/users/ALBERRACS-23/events{/privacy}","received_events_url":"https://api.github.com/users/ALBERRACS-23/received_events","type":"User","user_view_type":"private","site_admin":false,"name":null,"company":null,"blog":"","location":null,"email":null,"hireable":null,"bio":null,"twitter_username":null,"notification_email":null,"public_repos":0,"public_gists":0,"followers":0,"following":0,"created_at":"2025-12-18T19:49:10Z","updated_at":"2025-12-18T19:49:10Z","private_gists":0,"total_private_repos":0,"owned_private_repos":0,"disk_usage":0,"collaborators":0,"two_factor_authentication":false,"plan":{"name":"free","space":976562499,"collaborators":0,"private_repos":10000}}
[info] 
[info] +  Success! Logged into GitHub as ALBERRACS-23 
[info] 
[debug] [2026-02-21T04:16:30.143Z] >>> [apiv2][query] GET https://api.github.com/repos/ALBERRACS-23/SistemaEva/actions/secrets/public-key type=owner
[debug] [2026-02-21T04:16:30.753Z] <<< [apiv2][status] GET https://api.github.com/repos/ALBERRACS-23/SistemaEva/actions/secrets/public-key 401
[debug] [2026-02-21T04:16:30.754Z] <<< [apiv2][body] GET https://api.github.com/repos/ALBERRACS-23/SistemaEva/actions/secrets/public-key {"message":"Bad credentials","documentation_url":"https://docs.github.com/rest","status":"401"}
[debug] [2026-02-21T04:16:35.145Z] >>> [apiv2][query] GET https://api.github.com/repos/ALBERRACS-23/SistemaEva/actions/secrets/public-key type=owner
[debug] [2026-02-21T04:16:35.728Z] <<< [apiv2][status] GET https://api.github.com/repos/ALBERRACS-23/SistemaEva/actions/secrets/public-key 401
[debug] [2026-02-21T04:16:35.729Z] <<< [apiv2][body] GET https://api.github.com/repos/ALBERRACS-23/SistemaEva/actions/secrets/public-key {"message":"Bad credentials","documentation_url":"https://docs.github.com/rest","status":"401"}
[debug] [2026-02-21T04:16:39.859Z] >>> [apiv2][query] GET https://api.github.com/repos/ALBERRACS-23/SistemaEva/actions/secrets/public-key type=owner
[debug] [2026-02-21T04:16:40.480Z] <<< [apiv2][status] GET https://api.github.com/repos/ALBERRACS-23/SistemaEva/actions/secrets/public-key 401
[debug] [2026-02-21T04:16:40.480Z] <<< [apiv2][body] GET https://api.github.com/repos/ALBERRACS-23/SistemaEva/actions/secrets/public-key {"message":"Bad credentials","documentation_url":"https://docs.github.com/rest","status":"401"}
[debug] [2026-02-21T04:17:05.995Z] >>> [apiv2][query] GET https://api.github.com/repos/ALBERRACS-23/SistemaEva/SistemaEVA/actions/secrets/public-key type=owner
[debug] [2026-02-21T04:17:06.569Z] <<< [apiv2][status] GET https://api.github.com/repos/ALBERRACS-23/SistemaEva/SistemaEVA/actions/secrets/public-key 404
[debug] [2026-02-21T04:17:06.570Z] <<< [apiv2][body] GET https://api.github.com/repos/ALBERRACS-23/SistemaEva/SistemaEVA/actions/secrets/public-key {"message":"Not Found","documentation_url":"https://docs.github.com/rest","status":"404"}
[info] 
[info] 
[error] !  The provided authorization cannot be used with this repository. If this repository is in an organization, did you remember to grant access? 
[info] 
[info] i  Action required: Visit this URL to ensure access has been granted to the appropriate organization(s) for the Firebase CLI GitHub OAuth App: 
[info] https://github.com/settings/connections/applications/89cf50f02ac6aaed3484
[info] 
[debug] [2026-02-21T04:17:57.444Z] >>> [apiv2][query] GET https://api.github.com/repos/yes/actions/secrets/public-key type=owner
[debug] [2026-02-21T04:17:58.343Z] <<< [apiv2][status] GET https://api.github.com/repos/yes/actions/secrets/public-key 404
[debug] [2026-02-21T04:17:58.344Z] <<< [apiv2][body] GET https://api.github.com/repos/yes/actions/secrets/public-key {"message":"Not Found","documentation_url":"https://docs.github.com/rest","status":"404"}
[info] 
[info] 
[error] !  The provided authorization cannot be used with this repository. If this repository is in an organization, did you remember to grant access? 
[info] 
[info] i  Action required: Visit this URL to ensure access has been granted to the appropriate organization(s) for the Firebase CLI GitHub OAuth App: 
[info] https://github.com/settings/connections/applications/89cf50f02ac6aaed3484
[info] 
